// Jest Snapshot v1, https://goo.gl/fbAQLP

exports[`<Item /> <Item /> matches the snapshot 1`] = `ShallowWrapper {}`;

exports[`<Item /> matches the snapshot 1`] = `ShallowWrapper {}`;
