// Jest Snapshot v1, https://goo.gl/fbAQLP

exports[`<Overlay /> matches the snapshot 1`] = `
ShallowWrapper {
  "length": 1,
  Symbol(enzyme.__root__): [Circular],
  Symbol(enzyme.__unrendered__): <Overlay
    className=""
    classTransition="abg-switch__overlay-transition"
    goTo={0}
    items={2}
  />,
  Symbol(enzyme.__renderer__): Object {
    "batchedUpdates": [Function],
    "getNode": [Function],
    "render": [Function],
    "simulateEvent": [Function],
    "unmount": [Function],
  },
  Symbol(enzyme.__node__): Object {
    "instance": null,
    "key": null,
    "nodeType": "host",
    "props": Object {
      "className": " abg-switch__overlay",
      "style": Object {
        "transform": "translateX(0%)",
        "width": "50%",
      },
    },
    "ref": null,
    "rendered": null,
    "type": "span",
  },
  Symbol(enzyme.__nodes__): Array [
    Object {
      "instance": null,
      "key": null,
      "nodeType": "host",
      "props": Object {
        "className": " abg-switch__overlay",
        "style": Object {
          "transform": "translateX(0%)",
          "width": "50%",
        },
      },
      "ref": null,
      "rendered": null,
      "type": "span",
    },
  ],
  Symbol(enzyme.__options__): Object {
    "adapter": ReactSixteenAdapter {
      "options": Object {
        "enableComponentDidUpdateOnSetState": true,
      },
    },
  },
}
`;
